// Jest Snapshot v1, https://goo.gl/fbAQLP

exports[`User -- should render <User /> component 1`] = `
Array [
  <div
    className="main"
  >
    <button
      className="btn btn-success"
      onClick={[Function]}
    >
      Show User Details
    </button>
    <div
      className="clearfix"
    />
    <div
      className="titles"
    >
      Name:
    </div>
    <div
      className="user_info username"
    >
      <span
        username={undefined}
      />
    </div>
    <div
      className="titles"
    >
      Type of Contract:
    </div>
    <div
      className="user_info"
    >
      Consultant: 
      <input
        checked={false}
        name="contract"
        onChange={[Function]}
        type="radio"
        value="false"
      />
      Â  Parmanent: 
      <input
        checked={false}
        name="contract"
        onChange={[Function]}
        type="radio"
        value="false"
      />
    </div>
    <div
      className="titles"
    >
      Country of Residence:
    </div>
    <div
      className="user_info"
    >
      <select
        value={undefined}
      >
        <option
          value="ae"
        >
          United Arab Emirates
        </option>
        <option
          value="ng"
        >
          Nigeria
        </option>
        <option
          value="uk"
        >
          United Kingdom
        </option>
        <option
          value="us"
        >
          United States of America
        </option>
      </select>
    </div>
  </div>,
]
`;
